SQL> 
SQL> DROP TABLE cabin CASCADE CONSTRAINTS;

Table CABIN dropped.

SQL> 
SQL> DROP TABLE country CASCADE CONSTRAINTS;

Table COUNTRY dropped.

SQL> 
SQL> DROP TABLE cruise CASCADE CONSTRAINTS;

Table CRUISE dropped.

SQL> 
SQL> DROP TABLE cruise_port CASCADE CONSTRAINTS;

Table CRUISE_PORT dropped.

SQL> 
SQL> DROP TABLE language CASCADE CONSTRAINTS;

Error starting at line : 25 in command -
DROP TABLE language CASCADE CONSTRAINTS
Error report -
ORA-00942: table or view does not exist
00942. 00000 -  "table or view does not exist"
*Cause:    
*Action:
SQL> 
SQL> DROP TABLE manifest CASCADE CONSTRAINTS;

Table MANIFEST dropped.

SQL> 
SQL> DROP TABLE operator CASCADE CONSTRAINTS;

Table OPERATOR dropped.

SQL> 
SQL> DROP TABLE pass_port_tour CASCADE CONSTRAINTS;

Table PASS_PORT_TOUR dropped.

SQL> 
SQL> DROP TABLE passenger CASCADE CONSTRAINTS;

Table PASSENGER dropped.

SQL> 
SQL> DROP TABLE port CASCADE CONSTRAINTS;

Table PORT dropped.

SQL> 
SQL> DROP TABLE ship CASCADE CONSTRAINTS;

Table SHIP dropped.

SQL> 
SQL> DROP TABLE temperature CASCADE CONSTRAINTS;

Table TEMPERATURE dropped.

SQL> 
SQL> DROP TABLE tour CASCADE CONSTRAINTS;

Table TOUR dropped.

SQL> 
SQL> DROP TABLE tour_available CASCADE CONSTRAINTS;

Table TOUR_AVAILABLE dropped.

SQL> 
SQL> -- predefined type, no DDL - MDSYS.SDO_GEOMETRY
SQL> 
SQL> -- predefined type, no DDL - XMLTYPE
SQL> 
SQL> CREATE TABLE cabin (
  2      cabin_class    CHAR(1) NOT NULL,
  3      ship_code      NUMBER(3) NOT NULL,
  4      cabin_code     CHAR(3) NOT NULL,
  5      cabin_num      NUMBER(3) NOT NULL,
  6      cabin_capacity NUMBER(5) NOT NULL
  7  );

Table CABIN created.

SQL> 
SQL> ALTER TABLE cabin
  2      ADD CONSTRAINT chk_cabinclass CHECK ( cabin_class IN ( 'B', 'I', 'O', 'S' ) );

Table CABIN altered.

SQL> 
SQL> COMMENT ON COLUMN cabin.cabin_class IS
  2      'cabin class';

Comment created.

SQL> 
SQL> COMMENT ON COLUMN cabin.ship_code IS
  2      'ship code';

Comment created.

SQL> 
SQL> COMMENT ON COLUMN cabin.cabin_code IS
  2      'cabin code';

Comment created.

SQL> 
SQL> COMMENT ON COLUMN cabin.cabin_num IS
  2      'cabin number';

Comment created.

SQL> 
SQL> COMMENT ON COLUMN cabin.cabin_capacity IS
  2      'cabin capacity';

Comment created.

SQL> 
SQL> ALTER TABLE cabin ADD CONSTRAINT cabin_pk PRIMARY KEY ( cabin_class );

Table CABIN altered.

SQL> 
SQL> CREATE TABLE country (
  2      country_code CHAR(2) NOT NULL,
  3      country_name VARCHAR2(20) NOT NULL
  4  );

Table COUNTRY created.

SQL> 
SQL> COMMENT ON COLUMN country.country_code IS
  2      'country code';

Comment created.

SQL> 
SQL> COMMENT ON COLUMN country.country_name IS
  2      'country name';

Comment created.

SQL> 
SQL> ALTER TABLE country ADD CONSTRAINT country_pk PRIMARY KEY ( country_code );

Table COUNTRY altered.

SQL> 
SQL> CREATE TABLE cruise (
  2      cruise_id   NUMBER(4) NOT NULL,
  3      cruise_name VARCHAR2(20) NOT NULL,
  4      cruise_desc VARCHAR2(100) NOT NULL,
  5      ship_code   NUMBER(3) NOT NULL
  6  );

Table CRUISE created.

SQL> 
SQL> COMMENT ON COLUMN cruise.cruise_id IS
  2      'cruise id';

Comment created.

SQL> 
SQL> COMMENT ON COLUMN cruise.cruise_name IS
  2      'cruise name';

Comment created.

SQL> 
SQL> COMMENT ON COLUMN cruise.cruise_desc IS
  2      'cruise description';

Comment created.

SQL> 
SQL> COMMENT ON COLUMN cruise.ship_code IS
  2      'ship code';

Comment created.

SQL> 
SQL> ALTER TABLE cruise ADD CONSTRAINT cruise_port_pk PRIMARY KEY ( cruise_id );

Table CRUISE altered.

SQL> 
SQL> CREATE TABLE cruise_port (
  2      cp_id                      NUMBER(4) NOT NULL,
  3      cruise_port_arrival_time   DATE NOT NULL,
  4      cruise_id                  NUMBER(4) NOT NULL,
  5      port_code                  CHAR(5) NOT NULL,
  6      cruise_port_departure_time DATE
  7  );

Table CRUISE_PORT created.

SQL> 
SQL> COMMENT ON COLUMN cruise_port.cp_id IS
  2      'cruise port id';

Comment created.

SQL> 
SQL> COMMENT ON COLUMN cruise_port.cruise_port_arrival_time IS
  2      'Arrival time';

Comment created.

SQL> 
SQL> COMMENT ON COLUMN cruise_port.cruise_id IS
  2      'cruise id';

Comment created.

SQL> 
SQL> COMMENT ON COLUMN cruise_port.port_code IS
  2      'port code';

Comment created.

SQL> 
SQL> COMMENT ON COLUMN cruise_port.cruise_port_departure_time IS
  2      'Departure time';

Comment created.

SQL> 
SQL> ALTER TABLE cruise_port ADD CONSTRAINT cruise_port_pkv1 PRIMARY KEY ( cp_id );

Table CRUISE_PORT altered.

SQL> 
SQL> ALTER TABLE cruise_port
  2      ADD CONSTRAINT cruise_port_nk UNIQUE ( cruise_port_arrival_time,
  3                                             port_code,
  4                                             cruise_id );

Table CRUISE_PORT altered.

SQL> 
SQL> CREATE TABLE language (
  2      lang_code CHAR(2) NOT NULL,
  3      lang_name VARCHAR2(20) NOT NULL
  4  );

Table LANGUAGE created.

SQL> 
SQL> COMMENT ON COLUMN language.lang_code IS
  2      'language code';

Comment created.

SQL> 
SQL> COMMENT ON COLUMN language.lang_name IS
  2      'Language Name';

Comment created.

SQL> 
SQL> ALTER TABLE language ADD CONSTRAINT language_pk PRIMARY KEY ( lang_code );

Table LANGUAGE altered.

SQL> 
SQL> CREATE TABLE manifest (
  2      cabin_class CHAR(1) NOT NULL,
  3      cruise_id   NUMBER(4) NOT NULL,
  4      manifest_id NUMBER(4) NOT NULL,
  5      pass_id     NUMBER(5) NOT NULL
  6  );

Table MANIFEST created.

SQL> 
SQL> COMMENT ON COLUMN manifest.cabin_class IS
  2      'cabin class';

Comment created.

SQL> 
SQL> COMMENT ON COLUMN manifest.cruise_id IS
  2      'cruise id';

Comment created.

SQL> 
SQL> COMMENT ON COLUMN manifest.manifest_id IS
  2      'manifest id';

Comment created.

SQL> 
SQL> COMMENT ON COLUMN manifest.pass_id IS
  2      'Passenger ID';

Comment created.

SQL> 
SQL> ALTER TABLE manifest ADD CONSTRAINT manifest_pk PRIMARY KEY ( manifest_id );

Table MANIFEST altered.

SQL> 
SQL> ALTER TABLE manifest ADD CONSTRAINT manifest_nk UNIQUE ( cabin_class,
  2                                                           cruise_id );

Table MANIFEST altered.

SQL> 
SQL> CREATE TABLE operator (
  2      op_id   NUMBER(5) NOT NULL,
  3      op_name VARCHAR2(20) NOT NULL,
  4      op_ceo  VARCHAR2(20) NOT NULL
  5  );

Table OPERATOR created.

SQL> 
SQL> COMMENT ON COLUMN operator.op_id IS
  2      'operator id';

Comment created.

SQL> 
SQL> COMMENT ON COLUMN operator.op_name IS
  2      'operator name';

Comment created.

SQL> 
SQL> COMMENT ON COLUMN operator.op_ceo IS
  2      'operator chief executive officer name';

Comment created.

SQL> 
SQL> ALTER TABLE operator ADD CONSTRAINT operator_pk PRIMARY KEY ( op_id );

Table OPERATOR altered.

SQL> 
SQL> CREATE TABLE pass_port_tour (
  2      ppt_no           NUMBER(4) NOT NULL,
  3      tp_no            NUMBER NOT NULL,
  4      pass_id          NUMBER(5) NOT NULL,
  5      cruise_id        NUMBER(4) NOT NULL,
  6      payment_received CHAR(1) NOT NULL
  7  );

Table PASS_PORT_TOUR created.

SQL> 
SQL> ALTER TABLE pass_port_tour
  2      ADD CONSTRAINT chk_paymentreceived CHECK ( payment_received IN ( 'N', 'Y' ) );

Table PASS_PORT_TOUR altered.

SQL> 
SQL> COMMENT ON COLUMN pass_port_tour.ppt_no IS
  2      'passenger port tour number';

Comment created.

SQL> 
SQL> COMMENT ON COLUMN pass_port_tour.tp_no IS
  2      'tour port number';

Comment created.

SQL> 
SQL> COMMENT ON COLUMN pass_port_tour.pass_id IS
  2      'Passenger ID';

Comment created.

SQL> 
SQL> COMMENT ON COLUMN pass_port_tour.cruise_id IS
  2      'cruise id';

Comment created.

SQL> 
SQL> COMMENT ON COLUMN pass_port_tour.payment_received IS
  2      'Payment received';

Comment created.

SQL> 
SQL> CREATE UNIQUE INDEX pass_port_tour__idx ON
  2      pass_port_tour (
  3          tp_no
  4      ASC );

INDEX PASS_PORT_TOUR__IDX created.

SQL> 
SQL> ALTER TABLE pass_port_tour ADD CONSTRAINT pass_port_tour_pk PRIMARY KEY ( ppt_no );

Table PASS_PORT_TOUR altered.

SQL> 
SQL> ALTER TABLE pass_port_tour
  2      ADD CONSTRAINT pass_port_tour_nk UNIQUE ( cruise_id,
  3                                                pass_id,
  4                                                tp_no );

Table PASS_PORT_TOUR altered.

SQL> 
SQL> CREATE TABLE passenger (
  2      pass_id       NUMBER(5) NOT NULL,
  3      pass_fname    VARCHAR2(20),
  4      pass_lname    VARCHAR2(20),
  5      pass_gender   CHAR(1) NOT NULL,
  6      pass_dob      DATE NOT NULL,
  7      pass_street   VARCHAR2(15) NOT NULL,
  8      pass_town     VARCHAR2(15) NOT NULL,
  9      pass_postcode NUMBER(4) NOT NULL,
 10      pass_country  CHAR(2) NOT NULL,
 11      pass_phone    NUMBER(15) NOT NULL,
 12      lang_code     CHAR(2) NOT NULL,
 13      pass_id1      NUMBER(5) NOT NULL
 14  );

Table PASSENGER created.

SQL> 
SQL> ALTER TABLE passenger
  2      ADD CONSTRAINT chk_passgender CHECK ( pass_gender IN ( 'F', 'M' ) );

Table PASSENGER altered.

SQL> 
SQL> COMMENT ON COLUMN passenger.pass_id IS
  2      'Passenger ID';

Comment created.

SQL> 
SQL> COMMENT ON COLUMN passenger.pass_fname IS
  2      'Passenger first name';

Comment created.

SQL> 
SQL> COMMENT ON COLUMN passenger.pass_lname IS
  2      'Passenger last name';

Comment created.

SQL> 
SQL> COMMENT ON COLUMN passenger.pass_gender IS
  2      'Passenger gender';

Comment created.

SQL> 
SQL> COMMENT ON COLUMN passenger.pass_dob IS
  2      'Passenger date of birth';

Comment created.

SQL> 
SQL> COMMENT ON COLUMN passenger.pass_street IS
  2      'Passenger street';

Comment created.

SQL> 
SQL> COMMENT ON COLUMN passenger.pass_town IS
  2      'Passenger town';

Comment created.

SQL> 
SQL> COMMENT ON COLUMN passenger.pass_postcode IS
  2      'Passenger post code';

Comment created.

SQL> 
SQL> COMMENT ON COLUMN passenger.pass_country IS
  2      'Passenger country';

Comment created.

SQL> 
SQL> COMMENT ON COLUMN passenger.pass_phone IS
  2      'Passenger phone';

Comment created.

SQL> 
SQL> COMMENT ON COLUMN passenger.lang_code IS
  2      'language code';

Comment created.

SQL> 
SQL> COMMENT ON COLUMN passenger.pass_id1 IS
  2      'Passenger ID';

Comment created.

SQL> 
SQL> ALTER TABLE passenger ADD CONSTRAINT passenger_pk PRIMARY KEY ( pass_id );

Table PASSENGER altered.

SQL> 
SQL> CREATE TABLE port (
  2      port_code       CHAR(5) NOT NULL,
  3      country_code    CHAR(2) NOT NULL,
  4      port_name       VARCHAR2(20) NOT NULL,
  5      port_population NUMBER(8) NOT NULL,
  6      port_longitude  NUMBER(9, 6) NOT NULL,
  7      port_latitude   NUMBER(8, 6) NOT NULL
  8  );

Table PORT created.

SQL> 
SQL> COMMENT ON COLUMN port.port_code IS
  2      'port code';

Comment created.

SQL> 
SQL> COMMENT ON COLUMN port.country_code IS
  2      'country code';

Comment created.

SQL> 
SQL> COMMENT ON COLUMN port.port_name IS
  2      'port name';

Comment created.

SQL> 
SQL> COMMENT ON COLUMN port.port_population IS
  2      'port population';

Comment created.

SQL> 
SQL> COMMENT ON COLUMN port.port_longitude IS
  2      'port longitude';

Comment created.

SQL> 
SQL> COMMENT ON COLUMN port.port_latitude IS
  2      'port latitude';

Comment created.

SQL> 
SQL> ALTER TABLE port ADD CONSTRAINT port_pk PRIMARY KEY ( port_code );

Table PORT altered.

SQL> 
SQL> CREATE TABLE ship (
  2      ship_code     NUMBER(3) NOT NULL,
  3      op_id         NUMBER(5) NOT NULL,
  4      ship_name     VARCHAR2(10) NOT NULL,
  5      ship_com_date DATE NOT NULL,
  6      ship_tonnage  NUMBER(6) NOT NULL,
  7      ship_capacity NUMBER(4) NOT NULL,
  8      ship_country  VARCHAR2(20) NOT NULL
  9  );

Table SHIP created.

SQL> 
SQL> COMMENT ON COLUMN ship.ship_code IS
  2      'ship code';

Comment created.

SQL> 
SQL> COMMENT ON COLUMN ship.op_id IS
  2      'operator id';

Comment created.

SQL> 
SQL> COMMENT ON COLUMN ship.ship_name IS
  2      'ship name';

Comment created.

SQL> 
SQL> COMMENT ON COLUMN ship.ship_com_date IS
  2      'ship commission date';

Comment created.

SQL> 
SQL> COMMENT ON COLUMN ship.ship_tonnage IS
  2      'ship tonnage';

Comment created.

SQL> 
SQL> COMMENT ON COLUMN ship.ship_capacity IS
  2      'ship capacity';

Comment created.

SQL> 
SQL> COMMENT ON COLUMN ship.ship_country IS
  2      'ship country';

Comment created.

SQL> 
SQL> ALTER TABLE ship ADD CONSTRAINT ship_pk PRIMARY KEY ( ship_code );

Table SHIP altered.

SQL> 
SQL> CREATE TABLE temperature (
  2      temp_month DATE NOT NULL,
  3      port_code  CHAR(5) NOT NULL,
  4      temp_low   NUMBER(2) NOT NULL,
  5      temp_high  NUMBER(2) NOT NULL
  6  );

Table TEMPERATURE created.

SQL> 
SQL> COMMENT ON COLUMN temperature.temp_month IS
  2      'monthly average temperature';

Comment created.

SQL> 
SQL> COMMENT ON COLUMN temperature.port_code IS
  2      'port code';

Comment created.

SQL> 
SQL> COMMENT ON COLUMN temperature.temp_low IS
  2      'average low temperature';

Comment created.

SQL> 
SQL> COMMENT ON COLUMN temperature.temp_high IS
  2      'average high temperature';

Comment created.

SQL> 
SQL> ALTER TABLE temperature ADD CONSTRAINT temperature_pk PRIMARY KEY ( temp_month,
  2                                                                      port_code );

Table TEMPERATURE altered.

SQL> 
SQL> CREATE TABLE tour (
  2      tour_no       NUMBER(3) NOT NULL,
  3      tour_name     VARCHAR2(20) NOT NULL,
  4      tour_desc     VARCHAR2(20) NOT NULL,
  5      tour_hour     NUMBER(2) NOT NULL,
  6      tour_cost     NUMBER(9, 2) NOT NULL,
  7      tour_min_pass NUMBER(3) NOT NULL,
  8      tour_wchair   CHAR(1) NOT NULL,
  9      tour_avail    CHAR(3) NOT NULL
 10  );

Table TOUR created.

SQL> 
SQL> ALTER TABLE tour
  2      ADD CONSTRAINT chk_tourwchair CHECK ( tour_wchair IN ( 'N', 'Y' ) );

Table TOUR altered.

SQL> 
SQL> ALTER TABLE tour
  2      ADD CONSTRAINT chk_touravailability CHECK ( tour_avail IN ( 'DAI', 'FRI', 'MON', 'SAT',
  3      'SUN',
  4                                                                  'THU', 'TUE', 'WED', 'WKD',
  5                                                                  'WKE' ) );

Table TOUR altered.

SQL> 
SQL> COMMENT ON COLUMN tour.tour_no IS
  2      'tour number ';

Comment created.

SQL> 
SQL> COMMENT ON COLUMN tour.tour_name IS
  2      'tour name';

Comment created.

SQL> 
SQL> COMMENT ON COLUMN tour.tour_desc IS
  2      'tour description';

Comment created.

SQL> 
SQL> COMMENT ON COLUMN tour.tour_cost IS
  2      'tour cost';

Comment created.

SQL> 
SQL> COMMENT ON COLUMN tour.tour_min_pass IS
  2      'minimum number of passenger';

Comment created.

SQL> 
SQL> COMMENT ON COLUMN tour.tour_wchair IS
  2      'tour wheel chair';

Comment created.

SQL> 
SQL> COMMENT ON COLUMN tour.tour_avail IS
  2      'tour available';

Comment created.

SQL> 
SQL> ALTER TABLE tour ADD CONSTRAINT tour_pk PRIMARY KEY ( tour_no );

Table TOUR altered.

SQL> 
SQL> CREATE TABLE tour_available (
  2      tp_no     NUMBER(4) NOT NULL,
  3      port_code CHAR(5) NOT NULL,
  4      tour_no   NUMBER(3) NOT NULL,
  5      tour_date DATE NOT NULL,
  6      ppt_no    NUMBER NOT NULL
  7  );

Table TOUR_AVAILABLE created.

SQL> 
SQL> COMMENT ON COLUMN tour_available.tp_no IS
  2      'tour port number';

Comment created.

SQL> 
SQL> COMMENT ON COLUMN tour_available.port_code IS
  2      'port code';

Comment created.

SQL> 
SQL> COMMENT ON COLUMN tour_available.tour_no IS
  2      'tour number ';

Comment created.

SQL> 
SQL> COMMENT ON COLUMN tour_available.tour_date IS
  2      'tour date';

Comment created.

SQL> 
SQL> COMMENT ON COLUMN tour_available.ppt_no IS
  2      'passenger port tour number';

Comment created.

SQL> 
SQL> CREATE UNIQUE INDEX tour_available__idx ON
  2      tour_available (
  3          ppt_no
  4      ASC );

INDEX TOUR_AVAILABLE__IDX created.

SQL> 
SQL> ALTER TABLE tour_available ADD CONSTRAINT port_tour_pk PRIMARY KEY ( tp_no );

Table TOUR_AVAILABLE altered.

SQL> 
SQL> ALTER TABLE tour_available
  2      ADD CONSTRAINT tour_available_nk UNIQUE ( tour_date,
  3                                                port_code,
  4                                                tour_no );

Table TOUR_AVAILABLE altered.

SQL> 
SQL> ALTER TABLE cabin
  2      ADD CONSTRAINT cabin_ship FOREIGN KEY ( ship_code )
  3          REFERENCES ship ( ship_code );

Table CABIN altered.

SQL> 
SQL> ALTER TABLE pass_port_tour
  2      ADD CONSTRAINT cruise_pass_port_tour FOREIGN KEY ( cruise_id )
  3          REFERENCES cruise ( cruise_id );

Table PASS_PORT_TOUR altered.

SQL> 
SQL> ALTER TABLE cruise_port
  2      ADD CONSTRAINT cruise_port_cruise FOREIGN KEY ( cruise_id )
  3          REFERENCES cruise ( cruise_id );

Table CRUISE_PORT altered.

SQL> 
SQL> ALTER TABLE cruise_port
  2      ADD CONSTRAINT cruise_port_port FOREIGN KEY ( port_code )
  3          REFERENCES port ( port_code );

Table CRUISE_PORT altered.

SQL> 
SQL> ALTER TABLE manifest
  2      ADD CONSTRAINT manifest_cabin FOREIGN KEY ( cabin_class )
  3          REFERENCES cabin ( cabin_class );

Table MANIFEST altered.

SQL> 
SQL> ALTER TABLE manifest
  2      ADD CONSTRAINT manifest_cruise FOREIGN KEY ( cruise_id )
  3          REFERENCES cruise ( cruise_id );

Table MANIFEST altered.

SQL> 
SQL> ALTER TABLE ship
  2      ADD CONSTRAINT operator_ship FOREIGN KEY ( op_id )
  3          REFERENCES operator ( op_id );

Table SHIP altered.

SQL> 
SQL> ALTER TABLE pass_port_tour
  2      ADD CONSTRAINT pass_pass_port_tour FOREIGN KEY ( pass_id )
  3          REFERENCES passenger ( pass_id );

Table PASS_PORT_TOUR altered.

SQL> 
SQL> ALTER TABLE passenger
  2      ADD CONSTRAINT pass_spouse FOREIGN KEY ( pass_id1 )
  3          REFERENCES passenger ( pass_id );

Table PASSENGER altered.

SQL> 
SQL> ALTER TABLE passenger
  2      ADD CONSTRAINT passenger_language FOREIGN KEY ( lang_code )
  3          REFERENCES language ( lang_code );

Table PASSENGER altered.

SQL> 
SQL> ALTER TABLE tour_available
  2      ADD CONSTRAINT port_port_tour FOREIGN KEY ( port_code )
  3          REFERENCES port ( port_code );

Table TOUR_AVAILABLE altered.

SQL> 
SQL> ALTER TABLE temperature
  2      ADD CONSTRAINT port_temperature FOREIGN KEY ( port_code )
  3          REFERENCES port ( port_code );

Table TEMPERATURE altered.

SQL> 
SQL> ALTER TABLE port
  2      ADD CONSTRAINT relation_21 FOREIGN KEY ( country_code )
  3          REFERENCES country ( country_code );

Table PORT altered.

SQL> 
SQL> ALTER TABLE manifest
  2      ADD CONSTRAINT relation_24 FOREIGN KEY ( pass_id )
  3          REFERENCES passenger ( pass_id );

Table MANIFEST altered.

SQL> 
SQL> ALTER TABLE tour_available
  2      ADD CONSTRAINT relation_28 FOREIGN KEY ( tour_no )
  3          REFERENCES tour ( tour_no );

Table TOUR_AVAILABLE altered.

SQL> 
SQL> ALTER TABLE cruise
  2      ADD CONSTRAINT ship_cruise FOREIGN KEY ( ship_code )
  3          REFERENCES ship ( ship_code );

Table CRUISE altered.

SQL> 
SQL> 
SQL> 
SQL> -- Oracle SQL Developer Data Modeler Summary Report: 
SQL> -- 
SQL> -- CREATE TABLE                            14
SQL> -- CREATE INDEX                             2
SQL> -- ALTER TABLE                             39
SQL> -- CREATE VIEW                              0
SQL> -- ALTER VIEW                               0
SQL> -- CREATE PACKAGE                           0
SQL> -- CREATE PACKAGE BODY                      0
SQL> -- CREATE PROCEDURE                         0
SQL> -- CREATE FUNCTION                          0
SQL> -- CREATE TRIGGER                           0
SQL> -- ALTER TRIGGER                            0
SQL> -- CREATE COLLECTION TYPE                   0
SQL> -- CREATE STRUCTURED TYPE                   0
SQL> -- CREATE STRUCTURED TYPE BODY              0
SQL> -- CREATE CLUSTER                           0
SQL> -- CREATE CONTEXT                           0
SQL> -- CREATE DATABASE                          0
SQL> -- CREATE DIMENSION                         0
SQL> -- CREATE DIRECTORY                         0
SQL> -- CREATE DISK GROUP                        0
SQL> -- CREATE ROLE                              0
SQL> -- CREATE ROLLBACK SEGMENT                  0
SQL> -- CREATE SEQUENCE                          0
SQL> -- CREATE MATERIALIZED VIEW                 0
SQL> -- CREATE MATERIALIZED VIEW LOG             0
SQL> -- CREATE SYNONYM                           0
SQL> -- CREATE TABLESPACE                        0
SQL> -- CREATE USER                              0
SQL> -- 
SQL> -- DROP TABLESPACE                          0
SQL> -- DROP DATABASE                            0
SQL> -- 
SQL> -- REDACTION POLICY                         0
SQL> -- TSDP POLICY                              0
SQL> -- 
SQL> -- ORDS DROP SCHEMA                         0
SQL> -- ORDS ENABLE SCHEMA                       0
SQL> -- ORDS ENABLE OBJECT                       0
SQL> -- 
SQL> -- ERRORS                                   0
SQL> -- WARNINGS                                 0
SQL> 
SQL> commit;

Commit complete.

SQL> SPOOL off
